[elecastlesubng.com/index.html]
[backblue.gif]
[fade.gif]
[index.html]
[elecastlesubng.com/static/styling/img/apple-touch-icon.png]
[elecastlesubng.com/static/styling/img/favicon-32x32.png]
[elecastlesubng.com/static/styling/img/favicon-16x16.png]
[elecastlesubng.com/static/styling/img/site.webmanifest]
[elecastlesubng.com/static/img/ms-icon-144x144.png]
[elecastlesubng.com/static/styling/images/apple-touch-icon.png]
[elecastlesubng.com/static/styling/images/favicon-32x32.png]
[elecastlesubng.com/static/styling/images/favicon-16x16.png]
[elecastlesubng.com/static/styling/images/site.webmanifest]
[elecastlesubng.com/static/ogbam/w3.css]
[elecastlesubng.com/static/styling/css/bootstrap.min.css]
[elecastlesubng.com/static/styling/css/icomoon.css]
[elecastlesubng.com/static/styling/css/themify-icons.css]
[elecastlesubng.com/static/styling/css/fontawesome-all.css]
[elecastlesubng.com/static/styling/css/owl.carousel.min.css]
[elecastlesubng.com/static/styling/css/owl.theme.default.min.css]
[elecastlesubng.com/static/styling/css/aos.css]
[elecastlesubng.com/static/styling/css/animate.css]
[elecastlesubng.com/static/styling/css/splitting.css]
[elecastlesubng.com/static/styling/css/magnific-popup.css]
[cdn.jsdelivr.net/npm/icomoon@1.0.0/style.css]
[elecastlesubng.com/static/styling/css/style.css]
[cdnjs.cloudflare.com/ajax/libs/font-awesome/5.15.2/css/all.min.css]
[unpkg.com/boxicons@2.0.7/css/boxicons.min.css]
[elecastlesubng.com/static/styling/images/logo/logo_1.png]
[elecastlesubng.com/static/styling/images/logo/logo_2.png]
[elecastlesubng.com/signup/index.html]
[elecastlesubng.com/login/index.html]
[elecastlesubng.com/static/styling/images/banner/app.png]
[elecastlesubng.com/static/styling/images/banner/bg_1.png]
[elecastlesubng.com/static/styling/images/banner/bg_2.png]
[elecastlesubng.com/static/styling/images/banner/shape_1.png]
[elecastlesubng.com/static/styling/images/banner/shape_2.png]
[elecastlesubng.com/static/styling/images/banner/cloud_1.png]
[elecastlesubng.com/static/styling/images/features/family.jpg]
[elecastlesubng.com/static/styling/images/features/blckwoman.jpg]
[elecastlesubng.com/static/styling/images/features/datalady.jpg]
[elecastlesubng.com/static/styling/images/services/social-media.png]
[elecastlesubng.com/static/styling/images/services/cable.jpg]
[i2.wp.com/www.cleanyloves.com/wp-content/uploads/2020/04/air-cash-183b8.png]
[elecastlesubng.com/static/styling/images/services/img_2.png]
[elecastlesubng.com/static/styling/images/services/img_5.png]
[elecastlesubng.com/static/styling/images/shapes/shape_8.png]
[elecastlesubng.com/static/styling/images/shapes/shape_9.png]
[elecastlesubng.com/static/styling/images/icons/mtn.png]
[elecastlesubng.com/static/styling/images/icons/airtel.png]
[elecastlesubng.com/static/styling/images/icons/glo.png]
[elecastlesubng.com/static/styling/images/icons/9mobile.png]
[elecastlesubng.com/static/styling/images/app_1.png]
[elecastlesubng.com/static/styling/images/app_2.png]
[elecastlesubng.com/static/styling/images/shapes/shape_33.png]
[elecastlesubng.com/static/styling/images/shapes/shape_34.png]
[elecastlesubng.com/static/styling/images/shapes/shape_35.png]
[elecastlesubng.com/static/styling/images/avatar.png]
[elecastlesubng.com/static/styling/js/jquery-3.4.1.min.js]
[elecastlesubng.com/static/styling/js/popper.min.js]
[elecastlesubng.com/static/styling/js/bootstrap.min.js]
[elecastlesubng.com/static/styling/js/owl.carousel.min.js]
[elecastlesubng.com/static/styling/js/aos.js]
[elecastlesubng.com/static/styling/js/splitting.js]
[elecastlesubng.com/static/styling/js/magnific-popup.min.js]
[elecastlesubng.com/static/styling/js/isotope.pkgd.min.js]
[elecastlesubng.com/static/styling/js/masonry.pkgd.min.js]
[elecastlesubng.com/static/styling/js/imagesloaded.pkgd.min.js]
[elecastlesubng.com/static/styling/js/parallax.min.js]
[elecastlesubng.com/static/styling/js/parallax-scroll.js]
[elecastlesubng.com/static/styling/js/mCustomScrollbar.js]
[elecastlesubng.com/static/styling/js/custom.js]
[elecastlesubng.com/index.html]
[elecastlesubng.com/static/styling/img/favicon.html]
[elecastlesubng.com/static/styling/images/bg.html]
[elecastlesubng.com/static/ogbam/w3.css]
[elecastlesubng.com/static/styling/css/bootstrap.min.css]
[elecastlesubng.com/static/styling/fonts/icomoon/icomoon46a0.ttf]
[elecastlesubng.com/static/styling/css/icomoon.css]
[elecastlesubng.com/static/styling/fonts/themify/themify9f24.woff]
[elecastlesubng.com/static/styling/css/themify-icons.css]
[elecastlesubng.com/static/styling/fonts/fa-light-300.ttf]
[elecastlesubng.com/static/styling/fonts/fa-regular-400.ttf]
[elecastlesubng.com/static/styling/fonts/fa-solid-900.ttf]
[elecastlesubng.com/static/styling/css/fontawesome-all.css]
[elecastlesubng.com/static/styling/css/owl.carousel.min.css]
[elecastlesubng.com/static/styling/css/owl.theme.default.min.css]
[elecastlesubng.com/static/styling/css/aos.css]
[elecastlesubng.com/static/styling/css/animate.css]
[elecastlesubng.com/static/styling/css/splitting.css]
[elecastlesubng.com/static/styling/css/magnific-popup.css]
[elecastlesubng.com/static/styling/fonts/sofia_pro/SofiaProMedium.woff2]
[elecastlesubng.com/static/styling/fonts/sofia_pro/SofiaProSemiBold.woff2]
[elecastlesubng.com/static/styling/fonts/sofia_pro/SofiaProBold.woff2]
[elecastlesubng.com/static/styling/images/shapes/shape_10.png]
[elecastlesubng.com/static/styling/images/shapes/shape_11.png]
[elecastlesubng.com/static/styling/images/shapes/shape_30.png]
[elecastlesubng.com/static/styling/images/icons/services/bg_1.png]
[elecastlesubng.com/static/styling/css/style.css]
[cdn.jsdelivr.net/npm/icomoon@1.0.0/fonts/icomoonba27.eot]
[cdn.jsdelivr.net/npm/icomoon@1.0.0/fonts/icomoonba27.ttf]
[cdn.jsdelivr.net/npm/icomoon@1.0.0/fonts/icomoonba27.woff]
[cdn.jsdelivr.net/npm/icomoon@1.0.0/style.css]
[cdnjs.cloudflare.com/ajax/libs/font-awesome/5.15.2/css/all.min.css]
[unpkg.com/boxicons@2.0.7/css/boxicons.min.css]
[cdn.jsdelivr.net/npm/icomoon@1.0.0/fonts/icomoonba27.svg]
[elecastlesubng.com/static/assets/vendor/bootstrap/css/bootstrap.min.css]
[elecastlesubng.com/static/assets/vendor/fonts/circular-std/style.css]
[elecastlesubng.com/static/assets/libs/css/style.css]
[elecastlesubng.com/static/assets/vendor/fonts/fontawesome/css/fontawesome-all.css]
[cdnjs.cloudflare.com/ajax/libs/font-awesome/4.7.0/css/font-awesome.min.css]
[elecastlesubng.com/static/dashboard/assets/js/plugin/webfont/webfont.min.js]
[cdnjs.cloudflare.com/ajax/libs/toastr.js/latest/css/toastr.min.css]
[elecastlesubng.com/static/dashboard/assets/css/bootstrap.min.css]
[elecastlesubng.com/terms/index.html]
[elecastlesubng.com/static/dashboard/assets/css/atlantis.css]
[elecastlesubng.com/static/dashboard/assets/js/core/jquery.3.2.1.min.js]
[elecastlesubng.com/static/dashboard/assets/js/plugin/jquery-ui-1.12.1.custom/jquery-ui.min.js]
[elecastlesubng.com/static/dashboard/assets/js/core/popper.min.js]
[elecastlesubng.com/static/dashboard/assets/js/core/bootstrap.min.js]
[elecastlesubng.com/static/dashboard/assets/js/atlantis.min.js]
[elecastlesubng.com/signup/index.html]
[cdnjs.cloudflare.com/ajax/libs/toastr.js/latest/js/toastr.min.js]
[elecastlesubng.com/static/img/favicon-32x32.png]
[elecastlesubng.com/static/img/favicon-16x16.png]
[elecastlesubng.com/login/index.html]
[elecastlesubng.com/_assets/images/line_1.html]
[elecastlesubng.com/profile/index.html]
[elecastlesubng.com/documentation/index.html]
[elecastlesubng.com/+.html]
[elecastlesubng.com/static/styling/fonts/icomoon/icomoon46a0.html]
[elecastlesubng.com/static/styling/fonts/icomoon/icomoon46a0-2.html]
[elecastlesubng.com/static/styling/fonts/icomoon/icomoon46a0-3.html]
[elecastlesubng.com/static/styling/fonts/themify/themify9f24.html]
[elecastlesubng.com/static/styling/fonts/themify/themifyd41d.html]
[elecastlesubng.com/static/styling/fonts/themify/themify9f24-2.html]
[elecastlesubng.com/static/styling/fonts/themify/themify9f24-3.html]
[elecastlesubng.com/static/styling/fonts/fa-brands-400.html]
[elecastlesubng.com/static/styling/css/owl.video.play.html]
[elecastlesubng.com/static/styling/fonts/sofia_pro/SofiaProUltraLight.html]
[elecastlesubng.com/static/styling/fonts/sofia_pro/SofiaProUltraLight-2.html]
[elecastlesubng.com/static/styling/fonts/sofia_pro/SofiaProExtraLight.html]
[elecastlesubng.com/static/styling/fonts/sofia_pro/SofiaProExtraLight-2.html]
[elecastlesubng.com/static/styling/fonts/sofia_pro/SofiaProLight.html]
[elecastlesubng.com/static/styling/fonts/sofia_pro/SofiaProLight-2.html]
[elecastlesubng.com/static/styling/fonts/sofia_pro/SofiaProMedium.html]
[elecastlesubng.com/static/styling/fonts/sofia_pro/SofiaProSemiBold.html]
[elecastlesubng.com/static/styling/fonts/sofia_pro/SofiaProBold.html]
[elecastlesubng.com/static/styling/images/icons/quote_3.html]
[elecastlesubng.com/static/styling/images/shapes/shape_12.html]
[elecastlesubng.com/static/styling/images/showcase/mobile_frame.html]
[elecastlesubng.com/static/styling/images/shapes/shape_36.html]
[elecastlesubng.com/static/styling/images/shapes/shape_37.html]
[elecastlesubng.com/static/styling/images/shapes/shape_42.html]
[elecastlesubng.com/static/styling/images/shapes/shape_43.html]
[elecastlesubng.com/static/styling/images/shapes/shape_46.html]
[elecastlesubng.com/static/styling/images/shapes/shape_47.html]
[elecastlesubng.com/static/styling/images/map_bg_1.html]
[elecastlesubng.com/password_reset/index.html]
[elecastlesubng.com/login/index4903.html]
[elecastlesubng.com/login/indexfbc6.html]
[cdn.jsdelivr.net/npm/icomoon@1.0.0/fonts/icomoonba27.svg]
[elecastlesubng.com/static/img/bg.html]
[elecastlesubng.com/static/assets/vendor/bootstrap/css/bootstrap.min.css]
[elecastlesubng.com/static/assets/vendor/fonts/circular-std/CircularStd-Black.woff]
[elecastlesubng.com/static/assets/vendor/fonts/circular-std/CircularStd-Book.woff]
[elecastlesubng.com/static/assets/vendor/fonts/circular-std/CircularStd-Medium.woff]
[elecastlesubng.com/static/assets/vendor/fonts/circular-std/CircularStd-BlackItalic.woff]
[elecastlesubng.com/static/assets/vendor/fonts/circular-std/CircularStd-Bold.woff]
[elecastlesubng.com/static/assets/vendor/fonts/circular-std/CircularStd-BoldItalic.woff]
[elecastlesubng.com/static/assets/vendor/fonts/circular-std/CircularStd-BookItalic.woff]
[elecastlesubng.com/static/assets/vendor/fonts/circular-std/CircularStd-MediumItalic.woff]
[elecastlesubng.com/static/assets/vendor/fonts/circular-std/style.css]
[elecastlesubng.com/static/assets/libs/css/style.css]
[elecastlesubng.com/static/assets/vendor/fonts/fontawesome/webfonts/fa-brands-400.eot]
[elecastlesubng.com/static/assets/vendor/fonts/fontawesome/webfonts/fa-brands-400d41dd41d.eot]
[elecastlesubng.com/static/assets/vendor/fonts/fontawesome/webfonts/fa-brands-400.html]
[elecastlesubng.com/static/assets/vendor/fonts/fontawesome/webfonts/fa-brands-400.woff]
[elecastlesubng.com/static/assets/vendor/fonts/fontawesome/webfonts/fa-brands-400.ttf]
[elecastlesubng.com/static/assets/vendor/fonts/fontawesome/webfonts/fa-regular-400.eot]
[elecastlesubng.com/static/assets/vendor/fonts/fontawesome/webfonts/fa-regular-400d41dd41d.eot]
[elecastlesubng.com/static/assets/vendor/fonts/fontawesome/webfonts/fa-regular-400.html]
[elecastlesubng.com/static/assets/vendor/fonts/fontawesome/webfonts/fa-regular-400.woff]
[elecastlesubng.com/static/assets/vendor/fonts/fontawesome/webfonts/fa-brands-400.svg]
[elecastlesubng.com/static/assets/vendor/fonts/fontawesome/webfonts/fa-regular-400.ttf]
[elecastlesubng.com/static/assets/vendor/fonts/fontawesome/webfonts/fa-regular-400.svg]
[elecastlesubng.com/static/assets/vendor/fonts/fontawesome/webfonts/fa-solid-900.eot]
[elecastlesubng.com/static/assets/vendor/fonts/fontawesome/webfonts/fa-solid-900d41dd41d.eot]
[elecastlesubng.com/static/assets/vendor/fonts/fontawesome/webfonts/fa-solid-900.woff]
[elecastlesubng.com/static/assets/vendor/fonts/fontawesome/webfonts/fa-solid-900.ttf]
[elecastlesubng.com/static/assets/vendor/fonts/fontawesome/css/fontawesome-all.css]
[cdnjs.cloudflare.com/ajax/libs/font-awesome/4.7.0/css/font-awesome.min.css]
[elecastlesubng.com/static/dashboard/assets/img/icon.html]
[cdnjs.cloudflare.com/ajax/libs/toastr.js/latest/css/toastr.min.css]
[elecastlesubng.com/static/dashboard/assets/css/bootstrap.min.css]
[elecastlesubng.com/static/assets/vendor/fonts/fontawesome/webfonts/fa-solid-900.html]
[elecastlesubng.com/static/dashboard/assets/img/img-shadow.png]
[elecastlesubng.com/static/dashboard/assets/fonts/summernote/summernote4c4d4c4d.eot]
[elecastlesubng.com/static/assets/vendor/fonts/fontawesome/webfonts/fa-solid-900.svg]
[elecastlesubng.com/static/dashboard/assets/fonts/summernote/summernoted41dd41d.eot]
[elecastlesubng.com/static/dashboard/assets/fonts/summernote/summernote4c4d4c4d.woff]
[elecastlesubng.com/static/dashboard/assets/fonts/summernote/summernote4c4d4c4d.ttf]
[elecastlesubng.com/static/dashboard/assets/css/atlantis.css]
[elecastlesubng.com/static/img/apple-icon-57x57.png]
[elecastlesubng.com/static/img/apple-icon-60x60.png]
[elecastlesubng.com/static/img/apple-icon-72x72.png]
[elecastlesubng.com/static/img/apple-icon-76x76.png]
[elecastlesubng.com/static/img/apple-icon-114x114.png]
[elecastlesubng.com/static/img/apple-icon-120x120.png]
[elecastlesubng.com/static/img/apple-icon-144x144.png]
[elecastlesubng.com/static/img/apple-icon-152x152.png]
[elecastlesubng.com/static/img/apple-icon-180x180.png]
[elecastlesubng.com/static/img/android-icon-192x192.png]
[elecastlesubng.com/static/img/favicon-96x96.png]
[elecastlesubng.com/static/img/manifest.json]
[unpkg.com/sweetalert/dist/sweetalert.min.be.delayed]
[elecastlesubng.com/static/dashboard/assets/css/fonts.min.css]
[ajax.googleapis.com/ajax/libs/jquery/2.1.4/jquery.min.js]
[elecastlesubng.com/static/dashboard/assets/css/w3.css]
[elecastlesubng.com/static/dashboard/assets/img/avatar.png]
[unpkg.com/sweetalert@2.1.2/dist/sweetalert.min.js]
[elecastlesubng.com/static/dashboard/assets/js/plugin/jquery-ui-touch-punch/jquery.ui.touch-punch.min.js]
[elecastlesubng.com/static/dashboard/assets/js/plugin/jquery-scrollbar/jquery.scrollbar.min.js]
[elecastlesubng.com/pricing/index.html]
[elecastlesubng.com/static/dashboard/assets/js/plugin/moment/moment.min.js]
[elecastlesubng.com/User/account_pin/index.html]
[elecastlesubng.com/static/dashboard/assets/js/plugin/jquery.sparkline/jquery.sparkline.min.js]
[elecastlesubng.com/static/dashboard/assets/js/plugin/chart.js/chart.min.js]
[elecastlesubng.com/static/dashboard/assets/js/plugin/bootstrap-notify/bootstrap-notify.min.js]
[elecastlesubng.com/static/dashboard/assets/js/plugin/datatables/datatables.min.js]
[elecastlesubng.com/static/dashboard/assets/js/plugin/bootstrap-toggle/bootstrap-toggle.min.js]
[elecastlesubng.com/static/dashboard/assets/js/plugin/dropzone/dropzone.min.js]
[elecastlesubng.com/static/dashboard/assets/js/plugin/datepicker/bootstrap-datetimepicker.min.js]
[elecastlesubng.com/static/dashboard/assets/js/plugin/bootstrap-tagsinput/bootstrap-tagsinput.min.js]
[elecastlesubng.com/static/dashboard/assets/js/plugin/fullcalendar/fullcalendar.min.js]
[elecastlesubng.com/static/dashboard/assets/js/plugin/bootstrap-wizard/bootstrapwizard.js]
[elecastlesubng.com/static/dashboard/assets/js/plugin/jquery.validate/jquery.validate.min.js]
[elecastlesubng.com/static/dashboard/assets/js/plugin/select2/select2.full.min.js]
[elecastlesubng.com/static/dashboard/assets/js/plugin/summernote/summernote-bs4.min.js]
[elecastlesubng.com/static/dashboard/assets/js/plugin/sweetalert/sweetalert.min.js]
[elecastlesubng.com/static/dashboard/assets/js/plugin/owl-carousel/owl.carousel.min.js]
[elecastlesubng.com/static/dashboard/assets/js/plugin/jquery.magnific-popup/jquery.magnific-popup.min.js]
[cdnjs.cloudflare.com/ajax/libs/jquery-validate/1.19.1/jquery.validate.min.js]
[elecastlesubng.com/terms/index.html]
[elecastlesubng.com/static/img/apple-touch-icon.html]
[elecastlesubng.com/static/img/site.html]
[cdn.jsdelivr.net/npm/gasparesganga-jquery-loading-overlay@2.1.7/dist/loadingoverlay.min.js]
[elecastlesubng.com/static/ogbam/form.css]
[elecastlesubng.com/password_reset/index.html]
[elecastlesubng.com/login/index4903.html]
[elecastlesubng.com/login/indexfbc6.html]
[elecastlesubng.com/images/down-arrow.html]
[elecastlesubng.com/images/drag-indicator.html]
[elecastlesubng.com/static/assets/vendor/fonts/fontawesome/webfonts/fa-brands-400.html]
[elecastlesubng.com/static/assets/vendor/fonts/fontawesome/webfonts/fa-brands-400.svg]
[elecastlesubng.com/static/assets/vendor/fonts/fontawesome/webfonts/fa-regular-400.html]
[elecastlesubng.com/static/assets/vendor/fonts/fontawesome/webfonts/fa-regular-400.svg]
[elecastlesubng.com/static/assets/vendor/fonts/fontawesome/webfonts/fa-solid-900.html]
[elecastlesubng.com/static/assets/vendor/fonts/fontawesome/webfonts/fa-solid-900.svg]
[elecastlesubng.com/static/dashboard/assets/css/owl.video.play.html]
[elecastlesubng.com/static/dashboard/assets/img/bg-404.html]
[elecastlesubng.com/static/styling/images/tab.html]
[elecastlesubng.com/static/dashboard/assets/fonts/flaticon/Flaticon.eot]
[elecastlesubng.com/static/dashboard/assets/fonts/flaticon/Flaticond41dd41d.eot]
[elecastlesubng.com/static/dashboard/assets/fonts/flaticon/Flaticon.woff]
[elecastlesubng.com/static/dashboard/assets/fonts/flaticon/Flaticon.ttf]
[elecastlesubng.com/static/dashboard/assets/fonts/fontawesome/fa-brands-400.eot]
[elecastlesubng.com/static/dashboard/assets/fonts/fontawesome/fa-brands-400d41dd41d.eot]
[elecastlesubng.com/static/dashboard/assets/fonts/fontawesome/fa-brands-400.woff2]
[elecastlesubng.com/static/dashboard/assets/fonts/fontawesome/fa-brands-400.woff]
[elecastlesubng.com/static/dashboard/assets/fonts/flaticon/Flaticon.svg]
[elecastlesubng.com/static/dashboard/assets/fonts/fontawesome/fa-brands-400.ttf]
[elecastlesubng.com/static/dashboard/assets/fonts/fontawesome/fa-regular-400.eot]
[elecastlesubng.com/static/dashboard/assets/fonts/fontawesome/fa-regular-400d41dd41d.eot]
[elecastlesubng.com/static/dashboard/assets/fonts/fontawesome/fa-regular-400.woff2]
[elecastlesubng.com/static/dashboard/assets/fonts/fontawesome/fa-regular-400.woff]
[elecastlesubng.com/static/dashboard/assets/fonts/fontawesome/fa-regular-400.ttf]
[elecastlesubng.com/static/dashboard/assets/fonts/fontawesome/fa-brands-400.svg]
[elecastlesubng.com/static/dashboard/assets/fonts/fontawesome/fa-solid-900.eot]
[elecastlesubng.com/static/dashboard/assets/fonts/fontawesome/fa-regular-400.svg]
[elecastlesubng.com/static/dashboard/assets/fonts/fontawesome/fa-solid-900d41dd41d.eot]
[elecastlesubng.com/static/dashboard/assets/fonts/fontawesome/fa-solid-900.woff2]
[elecastlesubng.com/static/dashboard/assets/fonts/fontawesome/fa-solid-900.woff]
[elecastlesubng.com/static/dashboard/assets/fonts/fontawesome/fa-solid-900.ttf]
[elecastlesubng.com/static/dashboard/assets/fonts/simple-line-icons/Simple-Line-Iconsb26cb26c.eot]
[elecastlesubng.com/static/dashboard/assets/fonts/simple-line-icons/Simple-Line-Iconsb26cb26c.woff2]
[elecastlesubng.com/static/dashboard/assets/fonts/simple-line-icons/Simple-Line-Iconsb26cb26c.ttf]
[elecastlesubng.com/static/dashboard/assets/fonts/fontawesome/fa-solid-900.svg]
[elecastlesubng.com/static/dashboard/assets/fonts/simple-line-icons/Simple-Line-Iconsb26cb26c.woff]
[elecastlesubng.com/static/dashboard/assets/css/fonts.min.css]
[elecastlesubng.com/static/dashboard/assets/css/w3.css]
[elecastlesubng.com/logout/index.html]
[elecastlesubng.com/data_Create/index.html]
[elecastlesubng.com/AirtimeTopupCreate/index.html]
[elecastlesubng.com/static/dashboard/assets/fonts/simple-line-icons/Simple-Line-Iconsb26cb26c.svg]
[elecastlesubng.com/billpayment/index.html]
[elecastlesubng.com/Cablesub/index.html]
[elecastlesubng.com/login/indexe016.html]
[elecastlesubng.com/login/index7d50.html]
[elecastlesubng.com/pay_with_monnify/index.html]
[elecastlesubng.com/autobank/index.html]
[elecastlesubng.com/login/index476d.html]
[elecastlesubng.com/login/index4c1a.html]
[elecastlesubng.com/Coupon_Payment/index.html]
[ajax.aspnetcdn.com/ajax/jquery.dataTables/1.9.4/css/jquery.dataTables.css]
[ajax.aspnetcdn.com/ajax/jQuery/jquery-1.8.2.min.js]
[ajax.aspnetcdn.com/ajax/jquery.dataTables/1.9.4/jquery.dataTables.min.js]
[elecastlesubng.com/pricing/index.html]
[elecastlesubng.com/chatroom/index.html]
[elecastlesubng.com/login/index9b19.html]
[elecastlesubng.com/login/index7316.html]
[elecastlesubng.com/FAQ/index.html]
[elecastlesubng.com/user-detail/index.html]
[elecastlesubng.com/login/index399e.html]
[elecastlesubng.com/login/indexc1a7.html]
[ajax.googleapis.com/ajax/libs/jquery/3.4.1/jquery.min.js]
[elecastlesubng.com/User/account_pin/index.html]
[elecastlesubng.com/EditProfile/index.html]
[elecastlesubng.com/static/dashboard/assets/js/plugin/chart-circle/circles.min.html]
[elecastlesubng.com/static/dashboard/assets/js/plugin/jqvmap/jquery.vmap.min.html]
[elecastlesubng.com/static/dashboard/assets/js/plugin/jqvmap/maps/jquery.vmap.world.html]
[elecastlesubng.com/static/dashboard/assets/js/plugin/gmaps/gmaps.html]
[elecastlesubng.com/static/ogbam/form.css]
[nigerianwiki.xyz/wp-content/uploads/2019/07/Data-Networks.png]
[elecastlesubng.com/static/dashboard/assets/fonts/flaticon/Flaticon.svg]
[elecastlesubng.com/static/dashboard/assets/fonts/fontawesome/fa-brands-400.svg]
[elecastlesubng.com/static/dashboard/assets/fonts/fontawesome/fa-regular-400.svg]
[elecastlesubng.com/static/dashboard/assets/fonts/fontawesome/fa-solid-900.svg]
[elecastlesubng.com/static/dashboard/assets/fonts/simple-line-icons/Simple-Line-Iconsb26cb26c.svg]
[elecastlesubng.com/login/indexe016.html]
[elecastlesubng.com/login/index7d50.html]
[elecastlesubng.com/login/index476d.html]
[elecastlesubng.com/login/index4c1a.html]
[elecastlesubng.com/login/index9b19.html]
[elecastlesubng.com/login/index7316.html]
[elecastlesubng.com/login/index399e.html]
[elecastlesubng.com/login/indexc2a6.html]
[elecastlesubng.com/login/indexd46a.html]
[elecastlesubng.com/login/index2bb2.html]
[ajax.aspnetcdn.com/ajax/jquery.dataTables/1.9.4/images/back_enabled.png]
[ajax.aspnetcdn.com/ajax/jquery.dataTables/1.9.4/images/back_enabled_hover.png]
[ajax.aspnetcdn.com/ajax/jquery.dataTables/1.9.4/images/back_disabled.png]
[ajax.aspnetcdn.com/ajax/jquery.dataTables/1.9.4/images/forward_enabled.png]
[ajax.aspnetcdn.com/ajax/jquery.dataTables/1.9.4/images/forward_enabled_hover.png]
[ajax.aspnetcdn.com/ajax/jquery.dataTables/1.9.4/images/forward_disabled.png]
[ajax.aspnetcdn.com/ajax/jquery.dataTables/1.9.4/images/sort_both.png]
[ajax.aspnetcdn.com/ajax/jquery.dataTables/1.9.4/images/sort_asc.png]
[ajax.aspnetcdn.com/ajax/jquery.dataTables/1.9.4/images/sort_desc.png]
[ajax.aspnetcdn.com/ajax/jquery.dataTables/1.9.4/images/sort_asc_disabled.png]
[ajax.aspnetcdn.com/ajax/jquery.dataTables/1.9.4/images/sort_desc_disabled.png]
[ajax.aspnetcdn.com/ajax/jquery.dataTables/1.9.4/css/jquery.dataTables.css]
[elecastlesubng.com/login/indexc1a7.html]
[elecastlesubng.com/login/indexc2a6.html]
[elecastlesubng.com/login/indexd46a.html]
[elecastlesubng.com/login/index2bb2.html]
